#-----------------------------------------------------------
# Vivado v2025.1 (64-bit)
# SW Build 6140274 on Thu May 22 00:12:29 MDT 2025
# IP Build 6138677 on Thu May 22 03:10:11 MDT 2025
# SharedData Build 6139179 on Tue May 20 17:58:58 MDT 2025
# Start of session at: Sat Mar 14 11:40:07 2026
# Process ID         : 2996
# Current directory  : D:/SATHISH/project_dcnn - Copy 1
# Command line       : vivado.exe -gui_launcher_event rodinguilauncherevent10744 D:\SATHISH\project_dcnn - Copy 1\project_dcnn.xpr
# Log file           : D:/SATHISH/project_dcnn - Copy 1/vivado.log
# Journal file       : D:/SATHISH/project_dcnn - Copy 1\vivado.jou
# Running On         : DESKTOP-FCS0GRK
# Platform           : Windows Server 2016 or Windows 10
# Operating System   : 26200
# Processor Detail   : AMD Ryzen 5 7530U with Radeon Graphics         
# CPU Frequency      : 1996 MHz
# CPU Physical cores : 6
# CPU Logical cores  : 12
# Host memory        : 16483 MB
# Swap memory        : 20401 MB
# Total Virtual      : 36884 MB
# Available Virtual  : 13272 MB
#-----------------------------------------------------------
start_gui
open_project {D:/SATHISH/project_dcnn - Copy 1/project_dcnn.xpr}
WARNING: [Board 49-26] cannot add Board Part xilinx.com:emb-plus-vpr-4616:part0:1.0 available at C:/Xilinx/2025.1/data/xhub/boards\XilinxBoardStore\boards\Xilinx\emb-plus-vpr-4616\1.0\board.xml as part xcve2302-sfva784-2mp-e-s specified in board_part file is either invalid or not available
WARNING: [Board 49-26] cannot add Board Part xilinx.com:emb-plus-vpr-4616:part0:1.1 available at C:/Xilinx/2025.1/data/xhub/boards\XilinxBoardStore\boards\Xilinx\emb-plus-vpr-4616\1.1\board.xml as part xcve2302-sfva784-2mp-e-s specified in board_part file is either invalid or not available
WARNING: [Board 49-26] cannot add Board Part xilinx.com:kcu105:part0:1.6 available at C:/Xilinx/2025.1/data/xhub/boards\XilinxBoardStore\boards\Xilinx\kcu105\1.6\board.xml as part xcku040-ffva1156-2-e specified in board_part file is either invalid or not available
WARNING: [Board 49-26] cannot add Board Part xilinx.com:kcu105:part0:1.7 available at C:/Xilinx/2025.1/data/xhub/boards\XilinxBoardStore\boards\Xilinx\kcu105\1.7\board.xml as part xcku040-ffva1156-2-e specified in board_part file is either invalid or not available
WARNING: [Board 49-26] cannot add Board Part xilinx.com:kcu116:part0:1.4 available at C:/Xilinx/2025.1/data/xhub/boards\XilinxBoardStore\boards\Xilinx\kcu116\1.4\board.xml as part xcku5p-ffvb676-2-e specified in board_part file is either invalid or not available
WARNING: [Board 49-26] cannot add Board Part xilinx.com:kcu116:part0:1.5 available at C:/Xilinx/2025.1/data/xhub/boards\XilinxBoardStore\boards\Xilinx\kcu116\1.5\board.xml as part xcku5p-ffvb676-2-e specified in board_part file is either invalid or not available
WARNING: [Board 49-26] cannot add Board Part xilinx.com:scu35:part0:1.0 available at C:/Xilinx/2025.1/data/xhub/boards\XilinxBoardStore\boards\Xilinx\scu35\1.0\board.xml as part xcsu35p-sbvb625-2-e specified in board_part file is either invalid or not available
WARNING: [Board 49-26] cannot add Board Part xilinx.com:v80:part0:1.0 available at C:/Xilinx/2025.1/data/xhub/boards\XilinxBoardStore\boards\Xilinx\v80\1.0\board.xml as part xcv80-lsva4737-2mhp-e-s specified in board_part file is either invalid or not available
WARNING: [Board 49-26] cannot add Board Part xilinx.com:vcu108:part0:1.6 available at C:/Xilinx/2025.1/data/xhub/boards\XilinxBoardStore\boards\Xilinx\vcu108\1.6\board.xml as part xcvu095-ffva2104-2-e specified in board_part file is either invalid or not available
WARNING: [Board 49-26] cannot add Board Part xilinx.com:vcu108:part0:1.7 available at C:/Xilinx/2025.1/data/xhub/boards\XilinxBoardStore\boards\Xilinx\vcu108\1.7\board.xml as part xcvu095-ffva2104-2-e specified in board_part file is either invalid or not available
WARNING: [Board 49-26] cannot add Board Part xilinx.com:vcu110:part0:1.4 available at C:/Xilinx/2025.1/data/xhub/boards\XilinxBoardStore\boards\Xilinx\vcu110\1.4\board.xml as part xcvu190-flgc2104-2-e specified in board_part file is either invalid or not available
WARNING: [Board 49-26] cannot add Board Part xilinx.com:vcu128:part0:1.0 available at C:/Xilinx/2025.1/data/xhub/boards\XilinxBoardStore\boards\Xilinx\vcu128\production\1.0\board.xml as part xcvu37p-fsvh2892-2l-e specified in board_part file is either invalid or not available
WARNING: [Board 49-26] cannot add Board Part xilinx.com:vcu129:part0:1.0 available at C:/Xilinx/2025.1/data/xhub/boards\XilinxBoardStore\boards\Xilinx\vcu129\production\1.0\board.xml as part xcvu29p-fsga2577-2l-e specified in board_part file is either invalid or not available
WARNING: [Board 49-26] cannot add Board Part xilinx.com:vek280:part0:1.0 available at C:/Xilinx/2025.1/data/xhub/boards\XilinxBoardStore\boards\Xilinx\vek280\production\1.0\board.xml as part xcve2802-vsvh1760-2mp-e-s specified in board_part file is either invalid or not available
WARNING: [Board 49-26] cannot add Board Part xilinx.com:vek280:part0:1.1 available at C:/Xilinx/2025.1/data/xhub/boards\XilinxBoardStore\boards\Xilinx\vek280\production\1.1\board.xml as part xcve2802-vsvh1760-2mp-e-s specified in board_part file is either invalid or not available
WARNING: [Board 49-26] cannot add Board Part xilinx.com:vek280:part0:1.2 available at C:/Xilinx/2025.1/data/xhub/boards\XilinxBoardStore\boards\Xilinx\vek280\production\1.2\board.xml as part xcve2802-vsvh1760-2mp-e-s specified in board_part file is either invalid or not available
WARNING: [Board 49-26] cannot add Board Part xilinx.com:vek385:part0:1.0 available at C:/Xilinx/2025.1/data/xhub/boards\XilinxBoardStore\boards\Xilinx\vek385\1.0\board.xml as part xc2ve3858-ssva2112-2mp-e-s specified in board_part file is either invalid or not available
WARNING: [Board 49-26] cannot add Board Part xilinx.com:vermeo_t1_rfsoc:part0:1.0 available at C:/Xilinx/2025.1/data/xhub/boards\XilinxBoardStore\boards\Xilinx\vermeo_t1_rfsoc\1.0\board.xml as part xczu21dr-ffvd1156-2l-e specified in board_part file is either invalid or not available
WARNING: [Board 49-26] cannot add Board Part xilinx.com:vhk158:part0:1.0 available at C:/Xilinx/2025.1/data/xhub/boards\XilinxBoardStore\boards\Xilinx\vhk158\production\1.0\board.xml as part xcvh1582-vsva3697-2mp-e-s specified in board_part file is either invalid or not available
WARNING: [Board 49-26] cannot add Board Part xilinx.com:vhk158:part0:1.1 available at C:/Xilinx/2025.1/data/xhub/boards\XilinxBoardStore\boards\Xilinx\vhk158\production\1.1\board.xml as part xcvh1582-vsva3697-2mp-e-s specified in board_part file is either invalid or not available
WARNING: [Board 49-26] cannot add Board Part xilinx.com:vhk158:part0:1.2 available at C:/Xilinx/2025.1/data/xhub/boards\XilinxBoardStore\boards\Xilinx\vhk158\production\1.2\board.xml as part xcvh1582-vsva3697-2mp-e-s specified in board_part file is either invalid or not available
WARNING: [Board 49-26] cannot add Board Part xilinx.com:vpk180:part0:1.0 available at C:/Xilinx/2025.1/data/xhub/boards\XilinxBoardStore\boards\Xilinx\vpk180\production\1.0\board.xml as part xcvp1802-lsvc4072-2mp-e-s specified in board_part file is either invalid or not available
WARNING: [Board 49-26] cannot add Board Part xilinx.com:vpk180:part0:1.1 available at C:/Xilinx/2025.1/data/xhub/boards\XilinxBoardStore\boards\Xilinx\vpk180\production\1.1\board.xml as part xcvp1802-lsvc4072-2mp-e-s specified in board_part file is either invalid or not available
WARNING: [Board 49-26] cannot add Board Part xilinx.com:vpk180:part0:1.2 available at C:/Xilinx/2025.1/data/xhub/boards\XilinxBoardStore\boards\Xilinx\vpk180\production\1.2\board.xml as part xcvp1802-lsvc4072-2mp-e-s specified in board_part file is either invalid or not available
WARNING: [Board 49-26] cannot add Board Part xilinx.com:zcu111:part0:1.2 available at C:/Xilinx/2025.1/data/xhub/boards\XilinxBoardStore\boards\Xilinx\zcu111\1.2\board.xml as part xczu28dr-ffvg1517-2-e specified in board_part file is either invalid or not available
WARNING: [Board 49-26] cannot add Board Part xilinx.com:zcu111:part0:1.3 available at C:/Xilinx/2025.1/data/xhub/boards\XilinxBoardStore\boards\Xilinx\zcu111\1.3\board.xml as part xczu28dr-ffvg1517-2-e specified in board_part file is either invalid or not available
WARNING: [Board 49-26] cannot add Board Part xilinx.com:zcu111:part0:1.4 available at C:/Xilinx/2025.1/data/xhub/boards\XilinxBoardStore\boards\Xilinx\zcu111\1.4\board.xml as part xczu28dr-ffvg1517-2-e specified in board_part file is either invalid or not available
WARNING: [Board 49-26] cannot add Board Part xilinx.com:zcu1275:part0:1.0 available at C:/Xilinx/2025.1/data/xhub/boards\XilinxBoardStore\boards\Xilinx\zcu1275\1.0\board.xml as part xczu29dr-ffvf1760-2-e specified in board_part file is either invalid or not available
WARNING: [Board 49-26] cannot add Board Part xilinx.com:zcu1285:part0:1.0 available at C:/Xilinx/2025.1/data/xhub/boards\XilinxBoardStore\boards\Xilinx\zcu1285\1.0\board.xml as part xczu39dr-ffvf1760-2-i specified in board_part file is either invalid or not available
WARNING: [Board 49-26] cannot add Board Part xilinx.com:zcu208:part0:2.0 available at C:/Xilinx/2025.1/data/xhub/boards\XilinxBoardStore\boards\Xilinx\zcu208\production\2.0\board.xml as part xczu48dr-fsvg1517-2-e specified in board_part file is either invalid or not available
WARNING: [Board 49-26] cannot add Board Part xilinx.com:zcu208ld:part0:2.0 available at C:/Xilinx/2025.1/data/xhub/boards\XilinxBoardStore\boards\Xilinx\zcu208ld\production\2.0\board.xml as part xczu58dr-fsvg1517-2-i specified in board_part file is either invalid or not available
WARNING: [Board 49-26] cannot add Board Part xilinx.com:zcu216:part0:2.0 available at C:/Xilinx/2025.1/data/xhub/boards\XilinxBoardStore\boards\Xilinx\zcu216\production\2.0\board.xml as part xczu49dr-ffvf1760-2-e specified in board_part file is either invalid or not available
WARNING: [Board 49-26] cannot add Board Part xilinx.com:zcu216ld:part0:2.0 available at C:/Xilinx/2025.1/data/xhub/boards\XilinxBoardStore\boards\Xilinx\zcu216ld\production\2.0\board.xml as part xczu59dr-ffvf1760-2-i specified in board_part file is either invalid or not available
WARNING: [Board 49-26] cannot add Board Part xilinx.com:zcu670:part0:2.0 available at C:/Xilinx/2025.1/data/xhub/boards\XilinxBoardStore\boards\Xilinx\zcu670\2.0\board.xml as part xczu67dr-fsve1156-2-i specified in board_part file is either invalid or not available
WARNING: [Board 49-26] cannot add Board Part xilinx.com:zcu670ld:part0:1.0 available at C:/Xilinx/2025.1/data/xhub/boards\XilinxBoardStore\boards\Xilinx\zcu670ld\1.0\board.xml as part xczu57dr-fsve1156-2-i specified in board_part file is either invalid or not available
INFO: [filemgmt 56-3] Default IP Output Path : Could not find the directory 'D:/SATHISH/project_dcnn - Copy 1/project_dcnn.gen/sources_1'.
Scanning sources...
Finished scanning sources
WARNING: [Board 49-26] cannot add Board Part xilinx.com:emb-plus-vpr-4616:part0:1.0 available at C:/Xilinx/2025.1/data/xhub/boards\XilinxBoardStore\boards\Xilinx\emb-plus-vpr-4616\1.0\board.xml as part xcve2302-sfva784-2mp-e-s specified in board_part file is either invalid or not available
WARNING: [Board 49-26] cannot add Board Part xilinx.com:emb-plus-vpr-4616:part0:1.1 available at C:/Xilinx/2025.1/data/xhub/boards\XilinxBoardStore\boards\Xilinx\emb-plus-vpr-4616\1.1\board.xml as part xcve2302-sfva784-2mp-e-s specified in board_part file is either invalid or not available
WARNING: [Board 49-26] cannot add Board Part xilinx.com:kcu105:part0:1.6 available at C:/Xilinx/2025.1/data/xhub/boards\XilinxBoardStore\boards\Xilinx\kcu105\1.6\board.xml as part xcku040-ffva1156-2-e specified in board_part file is either invalid or not available
WARNING: [Board 49-26] cannot add Board Part xilinx.com:kcu105:part0:1.7 available at C:/Xilinx/2025.1/data/xhub/boards\XilinxBoardStore\boards\Xilinx\kcu105\1.7\board.xml as part xcku040-ffva1156-2-e specified in board_part file is either invalid or not available
WARNING: [Board 49-26] cannot add Board Part xilinx.com:kcu116:part0:1.4 available at C:/Xilinx/2025.1/data/xhub/boards\XilinxBoardStore\boards\Xilinx\kcu116\1.4\board.xml as part xcku5p-ffvb676-2-e specified in board_part file is either invalid or not available
WARNING: [Board 49-26] cannot add Board Part xilinx.com:kcu116:part0:1.5 available at C:/Xilinx/2025.1/data/xhub/boards\XilinxBoardStore\boards\Xilinx\kcu116\1.5\board.xml as part xcku5p-ffvb676-2-e specified in board_part file is either invalid or not available
WARNING: [Board 49-26] cannot add Board Part xilinx.com:scu35:part0:1.0 available at C:/Xilinx/2025.1/data/xhub/boards\XilinxBoardStore\boards\Xilinx\scu35\1.0\board.xml as part xcsu35p-sbvb625-2-e specified in board_part file is either invalid or not available
WARNING: [Board 49-26] cannot add Board Part xilinx.com:v80:part0:1.0 available at C:/Xilinx/2025.1/data/xhub/boards\XilinxBoardStore\boards\Xilinx\v80\1.0\board.xml as part xcv80-lsva4737-2mhp-e-s specified in board_part file is either invalid or not available
WARNING: [Board 49-26] cannot add Board Part xilinx.com:vcu108:part0:1.6 available at C:/Xilinx/2025.1/data/xhub/boards\XilinxBoardStore\boards\Xilinx\vcu108\1.6\board.xml as part xcvu095-ffva2104-2-e specified in board_part file is either invalid or not available
WARNING: [Board 49-26] cannot add Board Part xilinx.com:vcu108:part0:1.7 available at C:/Xilinx/2025.1/data/xhub/boards\XilinxBoardStore\boards\Xilinx\vcu108\1.7\board.xml as part xcvu095-ffva2104-2-e specified in board_part file is either invalid or not available
WARNING: [Board 49-26] cannot add Board Part xilinx.com:vcu110:part0:1.4 available at C:/Xilinx/2025.1/data/xhub/boards\XilinxBoardStore\boards\Xilinx\vcu110\1.4\board.xml as part xcvu190-flgc2104-2-e specified in board_part file is either invalid or not available
WARNING: [Board 49-26] cannot add Board Part xilinx.com:vcu128:part0:1.0 available at C:/Xilinx/2025.1/data/xhub/boards\XilinxBoardStore\boards\Xilinx\vcu128\production\1.0\board.xml as part xcvu37p-fsvh2892-2l-e specified in board_part file is either invalid or not available
WARNING: [Board 49-26] cannot add Board Part xilinx.com:vcu129:part0:1.0 available at C:/Xilinx/2025.1/data/xhub/boards\XilinxBoardStore\boards\Xilinx\vcu129\production\1.0\board.xml as part xcvu29p-fsga2577-2l-e specified in board_part file is either invalid or not available
WARNING: [Board 49-26] cannot add Board Part xilinx.com:vek280:part0:1.0 available at C:/Xilinx/2025.1/data/xhub/boards\XilinxBoardStore\boards\Xilinx\vek280\production\1.0\board.xml as part xcve2802-vsvh1760-2mp-e-s specified in board_part file is either invalid or not available
WARNING: [Board 49-26] cannot add Board Part xilinx.com:vek280:part0:1.1 available at C:/Xilinx/2025.1/data/xhub/boards\XilinxBoardStore\boards\Xilinx\vek280\production\1.1\board.xml as part xcve2802-vsvh1760-2mp-e-s specified in board_part file is either invalid or not available
WARNING: [Board 49-26] cannot add Board Part xilinx.com:vek280:part0:1.2 available at C:/Xilinx/2025.1/data/xhub/boards\XilinxBoardStore\boards\Xilinx\vek280\production\1.2\board.xml as part xcve2802-vsvh1760-2mp-e-s specified in board_part file is either invalid or not available
WARNING: [Board 49-26] cannot add Board Part xilinx.com:vek385:part0:1.0 available at C:/Xilinx/2025.1/data/xhub/boards\XilinxBoardStore\boards\Xilinx\vek385\1.0\board.xml as part xc2ve3858-ssva2112-2mp-e-s specified in board_part file is either invalid or not available
WARNING: [Board 49-26] cannot add Board Part xilinx.com:vermeo_t1_rfsoc:part0:1.0 available at C:/Xilinx/2025.1/data/xhub/boards\XilinxBoardStore\boards\Xilinx\vermeo_t1_rfsoc\1.0\board.xml as part xczu21dr-ffvd1156-2l-e specified in board_part file is either invalid or not available
WARNING: [Board 49-26] cannot add Board Part xilinx.com:vhk158:part0:1.0 available at C:/Xilinx/2025.1/data/xhub/boards\XilinxBoardStore\boards\Xilinx\vhk158\production\1.0\board.xml as part xcvh1582-vsva3697-2mp-e-s specified in board_part file is either invalid or not available
WARNING: [Board 49-26] cannot add Board Part xilinx.com:vhk158:part0:1.1 available at C:/Xilinx/2025.1/data/xhub/boards\XilinxBoardStore\boards\Xilinx\vhk158\production\1.1\board.xml as part xcvh1582-vsva3697-2mp-e-s specified in board_part file is either invalid or not available
WARNING: [Board 49-26] cannot add Board Part xilinx.com:vhk158:part0:1.2 available at C:/Xilinx/2025.1/data/xhub/boards\XilinxBoardStore\boards\Xilinx\vhk158\production\1.2\board.xml as part xcvh1582-vsva3697-2mp-e-s specified in board_part file is either invalid or not available
WARNING: [Board 49-26] cannot add Board Part xilinx.com:vpk180:part0:1.0 available at C:/Xilinx/2025.1/data/xhub/boards\XilinxBoardStore\boards\Xilinx\vpk180\production\1.0\board.xml as part xcvp1802-lsvc4072-2mp-e-s specified in board_part file is either invalid or not available
WARNING: [Board 49-26] cannot add Board Part xilinx.com:vpk180:part0:1.1 available at C:/Xilinx/2025.1/data/xhub/boards\XilinxBoardStore\boards\Xilinx\vpk180\production\1.1\board.xml as part xcvp1802-lsvc4072-2mp-e-s specified in board_part file is either invalid or not available
WARNING: [Board 49-26] cannot add Board Part xilinx.com:vpk180:part0:1.2 available at C:/Xilinx/2025.1/data/xhub/boards\XilinxBoardStore\boards\Xilinx\vpk180\production\1.2\board.xml as part xcvp1802-lsvc4072-2mp-e-s specified in board_part file is either invalid or not available
WARNING: [Board 49-26] cannot add Board Part xilinx.com:zcu111:part0:1.2 available at C:/Xilinx/2025.1/data/xhub/boards\XilinxBoardStore\boards\Xilinx\zcu111\1.2\board.xml as part xczu28dr-ffvg1517-2-e specified in board_part file is either invalid or not available
WARNING: [Board 49-26] cannot add Board Part xilinx.com:zcu111:part0:1.3 available at C:/Xilinx/2025.1/data/xhub/boards\XilinxBoardStore\boards\Xilinx\zcu111\1.3\board.xml as part xczu28dr-ffvg1517-2-e specified in board_part file is either invalid or not available
WARNING: [Board 49-26] cannot add Board Part xilinx.com:zcu111:part0:1.4 available at C:/Xilinx/2025.1/data/xhub/boards\XilinxBoardStore\boards\Xilinx\zcu111\1.4\board.xml as part xczu28dr-ffvg1517-2-e specified in board_part file is either invalid or not available
WARNING: [Board 49-26] cannot add Board Part xilinx.com:zcu1275:part0:1.0 available at C:/Xilinx/2025.1/data/xhub/boards\XilinxBoardStore\boards\Xilinx\zcu1275\1.0\board.xml as part xczu29dr-ffvf1760-2-e specified in board_part file is either invalid or not available
WARNING: [Board 49-26] cannot add Board Part xilinx.com:zcu1285:part0:1.0 available at C:/Xilinx/2025.1/data/xhub/boards\XilinxBoardStore\boards\Xilinx\zcu1285\1.0\board.xml as part xczu39dr-ffvf1760-2-i specified in board_part file is either invalid or not available
WARNING: [Board 49-26] cannot add Board Part xilinx.com:zcu208:part0:2.0 available at C:/Xilinx/2025.1/data/xhub/boards\XilinxBoardStore\boards\Xilinx\zcu208\production\2.0\board.xml as part xczu48dr-fsvg1517-2-e specified in board_part file is either invalid or not available
WARNING: [Board 49-26] cannot add Board Part xilinx.com:zcu208ld:part0:2.0 available at C:/Xilinx/2025.1/data/xhub/boards\XilinxBoardStore\boards\Xilinx\zcu208ld\production\2.0\board.xml as part xczu58dr-fsvg1517-2-i specified in board_part file is either invalid or not available
WARNING: [Board 49-26] cannot add Board Part xilinx.com:zcu216:part0:2.0 available at C:/Xilinx/2025.1/data/xhub/boards\XilinxBoardStore\boards\Xilinx\zcu216\production\2.0\board.xml as part xczu49dr-ffvf1760-2-e specified in board_part file is either invalid or not available
WARNING: [Board 49-26] cannot add Board Part xilinx.com:zcu216ld:part0:2.0 available at C:/Xilinx/2025.1/data/xhub/boards\XilinxBoardStore\boards\Xilinx\zcu216ld\production\2.0\board.xml as part xczu59dr-ffvf1760-2-i specified in board_part file is either invalid or not available
WARNING: [Board 49-26] cannot add Board Part xilinx.com:zcu670:part0:2.0 available at C:/Xilinx/2025.1/data/xhub/boards\XilinxBoardStore\boards\Xilinx\zcu670\2.0\board.xml as part xczu67dr-fsve1156-2-i specified in board_part file is either invalid or not available
WARNING: [Board 49-26] cannot add Board Part xilinx.com:zcu670ld:part0:1.0 available at C:/Xilinx/2025.1/data/xhub/boards\XilinxBoardStore\boards\Xilinx\zcu670ld\1.0\board.xml as part xczu57dr-fsve1156-2-i specified in board_part file is either invalid or not available
WARNING: [Project 1-5713] Board part '' set for the project  is not found. BoardPart property will be unset. Please select board from latest repo build 
INFO: [IP_Flow 19-234] Refreshing IP repositories
INFO: [IP_Flow 19-1704] No user IP repositories specified
INFO: [IP_Flow 19-2313] Loaded Vivado IP repository 'C:/Xilinx/2025.1/Vivado/data/ip'.
open_project: Time (s): cpu = 00:00:51 ; elapsed = 00:00:24 . Memory (MB): peak = 1736.504 ; gain = 213.559
update_compile_order -fileset sources_1
launch_simulation
Command: launch_simulation 
INFO: [Vivado 12-12493] Simulation top is 'tb_LeNet'
INFO: [Vivado 12-5682] Launching behavioral simulation in 'D:/SATHISH/project_dcnn - Copy 1/project_dcnn.sim/sim_1/behav/xsim'
INFO: [SIM-utils-51] Simulation object is 'sim_1'
INFO: [SIM-utils-72] Using boost library from 'C:/Xilinx/2025.1/Vivado/tps/boost_1_72_0'
INFO: [SIM-utils-54] Inspecting design source files for 'tb_LeNet' in fileset 'sim_1'...
INFO: [SIM-utils-43] Exported 'D:/SATHISH/project_dcnn - Copy 1/project_dcnn.sim/sim_1/behav/xsim/I3.mem'
INFO: [SIM-utils-43] Exported 'D:/SATHISH/project_dcnn - Copy 1/project_dcnn.sim/sim_1/behav/xsim/I2.mem'
INFO: [SIM-utils-43] Exported 'D:/SATHISH/project_dcnn - Copy 1/project_dcnn.sim/sim_1/behav/xsim/I8.mem'
INFO: [SIM-utils-43] Exported 'D:/SATHISH/project_dcnn - Copy 1/project_dcnn.sim/sim_1/behav/xsim/I9.mem'
INFO: [SIM-utils-43] Exported 'D:/SATHISH/project_dcnn - Copy 1/project_dcnn.sim/sim_1/behav/xsim/I7.mem'
INFO: [SIM-utils-43] Exported 'D:/SATHISH/project_dcnn - Copy 1/project_dcnn.sim/sim_1/behav/xsim/I6.mem'
INFO: [SIM-utils-43] Exported 'D:/SATHISH/project_dcnn - Copy 1/project_dcnn.sim/sim_1/behav/xsim/I4.mem'
INFO: [SIM-utils-43] Exported 'D:/SATHISH/project_dcnn - Copy 1/project_dcnn.sim/sim_1/behav/xsim/I5.mem'
INFO: [SIM-utils-43] Exported 'D:/SATHISH/project_dcnn - Copy 1/project_dcnn.sim/sim_1/behav/xsim/I0.mem'
INFO: [SIM-utils-43] Exported 'D:/SATHISH/project_dcnn - Copy 1/project_dcnn.sim/sim_1/behav/xsim/W.mem'
INFO: [SIM-utils-43] Exported 'D:/SATHISH/project_dcnn - Copy 1/project_dcnn.sim/sim_1/behav/xsim/I1.mem'
INFO: [SIM-utils-43] Exported 'D:/SATHISH/project_dcnn - Copy 1/project_dcnn.sim/sim_1/behav/xsim/I3.mem'
INFO: [SIM-utils-43] Exported 'D:/SATHISH/project_dcnn - Copy 1/project_dcnn.sim/sim_1/behav/xsim/I2.mem'
INFO: [SIM-utils-43] Exported 'D:/SATHISH/project_dcnn - Copy 1/project_dcnn.sim/sim_1/behav/xsim/I8.mem'
INFO: [SIM-utils-43] Exported 'D:/SATHISH/project_dcnn - Copy 1/project_dcnn.sim/sim_1/behav/xsim/I9.mem'
INFO: [SIM-utils-43] Exported 'D:/SATHISH/project_dcnn - Copy 1/project_dcnn.sim/sim_1/behav/xsim/I7.mem'
INFO: [SIM-utils-43] Exported 'D:/SATHISH/project_dcnn - Copy 1/project_dcnn.sim/sim_1/behav/xsim/I6.mem'
INFO: [SIM-utils-43] Exported 'D:/SATHISH/project_dcnn - Copy 1/project_dcnn.sim/sim_1/behav/xsim/I4.mem'
INFO: [SIM-utils-43] Exported 'D:/SATHISH/project_dcnn - Copy 1/project_dcnn.sim/sim_1/behav/xsim/I5.mem'
INFO: [SIM-utils-43] Exported 'D:/SATHISH/project_dcnn - Copy 1/project_dcnn.sim/sim_1/behav/xsim/I0.mem'
INFO: [SIM-utils-43] Exported 'D:/SATHISH/project_dcnn - Copy 1/project_dcnn.sim/sim_1/behav/xsim/W.mem'
INFO: [SIM-utils-43] Exported 'D:/SATHISH/project_dcnn - Copy 1/project_dcnn.sim/sim_1/behav/xsim/I1.mem'
INFO: [USF-XSim-97] Finding global include files...
INFO: [USF-XSim-98] Fetching design files from 'sim_1'...
INFO: [USF-XSim-2] XSim::Compile design
INFO: [USF-XSim-61] Executing 'COMPILE and ANALYZE' step in 'D:/SATHISH/project_dcnn - Copy 1/project_dcnn.sim/sim_1/behav/xsim'
"xvlog --incr --relax -prj tb_LeNet_vlog.prj"
run_program: Time (s): cpu = 00:00:01 ; elapsed = 00:00:10 . Memory (MB): peak = 1736.504 ; gain = 0.000
INFO: [USF-XSim-69] 'compile' step finished in '10' seconds
INFO: [USF-XSim-3] XSim::Elaborate design
INFO: [USF-XSim-61] Executing 'ELABORATE' step in 'D:/SATHISH/project_dcnn - Copy 1/project_dcnn.sim/sim_1/behav/xsim'
"xelab --incr --debug typical --relax --mt 2 -L xil_defaultlib -L unisims_ver -L unimacro_ver -L secureip --snapshot tb_LeNet_behav xil_defaultlib.tb_LeNet xil_defaultlib.glbl -log elaborate.log"
Vivado Simulator v2025.1.0
Copyright 1986-2022 Xilinx, Inc. All Rights Reserved.
Copyright 2022-2025 Advanced Micro Devices, Inc. All Rights Reserved.
Running: C:/Xilinx/2025.1/Vivado/bin/unwrapped/win64.o/xelab.exe --incr --debug typical --relax --mt 2 -L xil_defaultlib -L unisims_ver -L unimacro_ver -L secureip --snapshot tb_LeNet_behav xil_defaultlib.tb_LeNet xil_defaultlib.glbl -log elaborate.log 
Using 2 slave threads.
Starting static elaboration
Pass Through NonSizing Optimizer
Completed static elaboration
INFO: [XSIM 43-4323] No Change in HDL. Linking previously generated obj files to create kernel
run_program: Time (s): cpu = 00:00:00 ; elapsed = 00:00:09 . Memory (MB): peak = 1736.504 ; gain = 0.000
INFO: [USF-XSim-69] 'elaborate' step finished in '9' seconds
INFO: [USF-XSim-4] XSim::Simulate design
INFO: [USF-XSim-61] Executing 'SIMULATE' step in 'D:/SATHISH/project_dcnn - Copy 1/project_dcnn.sim/sim_1/behav/xsim'
INFO: [USF-XSim-98] *** Running xsim
   with args "tb_LeNet_behav -key {Behavioral:sim_1:Functional:tb_LeNet} -tclbatch {tb_LeNet.tcl} -log {simulate.log}"
INFO: [USF-XSim-8] Loading simulator feature
Time resolution is 1 ps
source tb_LeNet.tcl
# set curr_wave [current_wave_config]
# if { [string length $curr_wave] == 0 } {
#   if { [llength [get_objects]] > 0} {
#     add_wave /
#     set_property needs_save false [current_wave_config]
#   } else {
#      send_msg_id Add_Wave-1 WARNING "No top level signals found. Simulator will start without a wave window. If you want to open a wave window go to 'File->New Waveform Configuration' or type 'create_wave_config' in the TCL console."
#   }
# }
# run 1000us
$finish called at time : 88 us : File "D:/SATHISH/project_dcnn - Copy 1/project_dcnn.srcs/sources_1/imports/Verilog-Source-Files/tb_LeNet.v" Line 12
xsim: Time (s): cpu = 00:00:11 ; elapsed = 00:00:07 . Memory (MB): peak = 1765.777 ; gain = 29.242
INFO: [USF-XSim-96] XSim completed. Design snapshot 'tb_LeNet_behav' loaded.
INFO: [USF-XSim-97] XSim simulation ran for 1000us
launch_simulation: Time (s): cpu = 00:00:15 ; elapsed = 00:00:30 . Memory (MB): peak = 1765.777 ; gain = 29.273
WARNING: [filemgmt 56-199] Attempt to get parsing info during refresh. "On-the-fly" syntax checking information may be incorrect. [D:\SATHISH\project_dcnn - Copy 1\project_dcnn.srcs\sources_1\imports\Verilog-Source-Files\tb_LeNet.v:]
WARNING: [filemgmt 56-199] Attempt to get parsing info during refresh. "On-the-fly" syntax checking information may be incorrect. [D:\SATHISH\project_dcnn - Copy 1\project_dcnn.srcs\sources_1\imports\Verilog-Source-Files\LeNet.v:]
WARNING: [filemgmt 56-199] Attempt to get parsing info during refresh. "On-the-fly" syntax checking information may be incorrect. [D:\SATHISH\project_dcnn - Copy 1\project_dcnn.srcs\sources_1\imports\Verilog-Source-Files\LeNet.v:]
WARNING: [filemgmt 56-199] Attempt to get parsing info during refresh. "On-the-fly" syntax checking information may be incorrect. [D:\SATHISH\project_dcnn - Copy 1\project_dcnn.srcs\sources_1\imports\Verilog-Source-Files\LeNet.v:]
ERROR: [Common 17-180] Spawn failed: The operation completed successfully.

close_sim
INFO: [Simtcl 6-16] Simulation closed
launch_simulation
Command: launch_simulation 
INFO: [Vivado 12-12493] Simulation top is 'tb_LeNet'
INFO: [Vivado 12-5682] Launching behavioral simulation in 'D:/SATHISH/project_dcnn - Copy 1/project_dcnn.sim/sim_1/behav/xsim'
INFO: [SIM-utils-51] Simulation object is 'sim_1'
INFO: [SIM-utils-72] Using boost library from 'C:/Xilinx/2025.1/Vivado/tps/boost_1_72_0'
INFO: [SIM-utils-54] Inspecting design source files for 'tb_LeNet' in fileset 'sim_1'...
INFO: [SIM-utils-43] Exported 'D:/SATHISH/project_dcnn - Copy 1/project_dcnn.sim/sim_1/behav/xsim/I3.mem'
INFO: [SIM-utils-43] Exported 'D:/SATHISH/project_dcnn - Copy 1/project_dcnn.sim/sim_1/behav/xsim/I2.mem'
INFO: [SIM-utils-43] Exported 'D:/SATHISH/project_dcnn - Copy 1/project_dcnn.sim/sim_1/behav/xsim/I8.mem'
INFO: [SIM-utils-43] Exported 'D:/SATHISH/project_dcnn - Copy 1/project_dcnn.sim/sim_1/behav/xsim/I9.mem'
INFO: [SIM-utils-43] Exported 'D:/SATHISH/project_dcnn - Copy 1/project_dcnn.sim/sim_1/behav/xsim/I7.mem'
INFO: [SIM-utils-43] Exported 'D:/SATHISH/project_dcnn - Copy 1/project_dcnn.sim/sim_1/behav/xsim/I6.mem'
INFO: [SIM-utils-43] Exported 'D:/SATHISH/project_dcnn - Copy 1/project_dcnn.sim/sim_1/behav/xsim/I4.mem'
INFO: [SIM-utils-43] Exported 'D:/SATHISH/project_dcnn - Copy 1/project_dcnn.sim/sim_1/behav/xsim/I5.mem'
INFO: [SIM-utils-43] Exported 'D:/SATHISH/project_dcnn - Copy 1/project_dcnn.sim/sim_1/behav/xsim/I0.mem'
INFO: [SIM-utils-43] Exported 'D:/SATHISH/project_dcnn - Copy 1/project_dcnn.sim/sim_1/behav/xsim/W.mem'
INFO: [SIM-utils-43] Exported 'D:/SATHISH/project_dcnn - Copy 1/project_dcnn.sim/sim_1/behav/xsim/I1.mem'
INFO: [SIM-utils-43] Exported 'D:/SATHISH/project_dcnn - Copy 1/project_dcnn.sim/sim_1/behav/xsim/I3.mem'
INFO: [SIM-utils-43] Exported 'D:/SATHISH/project_dcnn - Copy 1/project_dcnn.sim/sim_1/behav/xsim/I2.mem'
INFO: [SIM-utils-43] Exported 'D:/SATHISH/project_dcnn - Copy 1/project_dcnn.sim/sim_1/behav/xsim/I8.mem'
INFO: [SIM-utils-43] Exported 'D:/SATHISH/project_dcnn - Copy 1/project_dcnn.sim/sim_1/behav/xsim/I9.mem'
INFO: [SIM-utils-43] Exported 'D:/SATHISH/project_dcnn - Copy 1/project_dcnn.sim/sim_1/behav/xsim/I7.mem'
INFO: [SIM-utils-43] Exported 'D:/SATHISH/project_dcnn - Copy 1/project_dcnn.sim/sim_1/behav/xsim/I6.mem'
INFO: [SIM-utils-43] Exported 'D:/SATHISH/project_dcnn - Copy 1/project_dcnn.sim/sim_1/behav/xsim/I4.mem'
INFO: [SIM-utils-43] Exported 'D:/SATHISH/project_dcnn - Copy 1/project_dcnn.sim/sim_1/behav/xsim/I5.mem'
INFO: [SIM-utils-43] Exported 'D:/SATHISH/project_dcnn - Copy 1/project_dcnn.sim/sim_1/behav/xsim/I0.mem'
INFO: [SIM-utils-43] Exported 'D:/SATHISH/project_dcnn - Copy 1/project_dcnn.sim/sim_1/behav/xsim/W.mem'
INFO: [SIM-utils-43] Exported 'D:/SATHISH/project_dcnn - Copy 1/project_dcnn.sim/sim_1/behav/xsim/I1.mem'
INFO: [USF-XSim-97] Finding global include files...
INFO: [USF-XSim-98] Fetching design files from 'sim_1'...
INFO: [USF-XSim-2] XSim::Compile design
INFO: [USF-XSim-61] Executing 'COMPILE and ANALYZE' step in 'D:/SATHISH/project_dcnn - Copy 1/project_dcnn.sim/sim_1/behav/xsim'
"xvlog --incr --relax -prj tb_LeNet_vlog.prj"
INFO: [VRFC 10-2263] Analyzing Verilog file "D:/SATHISH/project_dcnn - Copy 1/project_dcnn.srcs/sources_1/imports/Verilog-Source-Files/Conv3D.v" into library xil_defaultlib
INFO: [VRFC 10-311] analyzing module Conv3D
INFO: [VRFC 10-311] analyzing module PE_Matrix6F
INFO: [VRFC 10-2263] Analyzing Verilog file "D:/SATHISH/project_dcnn - Copy 1/project_dcnn.srcs/sources_1/imports/Verilog-Source-Files/FC.v" into library xil_defaultlib
INFO: [VRFC 10-311] analyzing module FC
INFO: [VRFC 10-2263] Analyzing Verilog file "D:/SATHISH/project_dcnn - Copy 1/project_dcnn.srcs/sources_1/imports/Verilog-Source-Files/LeNet.v" into library xil_defaultlib
INFO: [VRFC 10-311] analyzing module LeNet
INFO: [VRFC 10-2263] Analyzing Verilog file "D:/SATHISH/project_dcnn - Copy 1/project_dcnn.srcs/sources_1/imports/Verilog-Source-Files/MACC.v" into library xil_defaultlib
INFO: [VRFC 10-311] analyzing module MACC
INFO: [VRFC 10-2263] Analyzing Verilog file "D:/SATHISH/project_dcnn - Copy 1/project_dcnn.srcs/sources_1/imports/Verilog-Source-Files/Multiplication.v" into library xil_defaultlib
INFO: [VRFC 10-311] analyzing module Multiplication
INFO: [VRFC 10-2263] Analyzing Verilog file "D:/SATHISH/project_dcnn - Copy 1/project_dcnn.srcs/sources_1/imports/Verilog-Source-Files/PE.v" into library xil_defaultlib
INFO: [VRFC 10-311] analyzing module PE
INFO: [VRFC 10-2263] Analyzing Verilog file "D:/SATHISH/project_dcnn - Copy 1/project_dcnn.srcs/sources_1/imports/Verilog-Source-Files/PE_Array.v" into library xil_defaultlib
INFO: [VRFC 10-311] analyzing module PE_Array
INFO: [VRFC 10-2263] Analyzing Verilog file "D:/SATHISH/project_dcnn - Copy 1/project_dcnn.srcs/sources_1/imports/Verilog-Source-Files/max2.v" into library xil_defaultlib
INFO: [VRFC 10-311] analyzing module max2
INFO: [VRFC 10-2263] Analyzing Verilog file "D:/SATHISH/project_dcnn - Copy 1/project_dcnn.srcs/sources_1/imports/Verilog-Source-Files/softmax.v" into library xil_defaultlib
INFO: [VRFC 10-311] analyzing module softmax
INFO: [VRFC 10-2263] Analyzing Verilog file "D:/SATHISH/project_dcnn - Copy 1/project_dcnn.srcs/sources_1/imports/Verilog-Source-Files/tb_LeNet.v" into library xil_defaultlib
INFO: [VRFC 10-311] analyzing module tb_LeNet
INFO: [USF-XSim-69] 'compile' step finished in '3' seconds
INFO: [USF-XSim-3] XSim::Elaborate design
INFO: [USF-XSim-61] Executing 'ELABORATE' step in 'D:/SATHISH/project_dcnn - Copy 1/project_dcnn.sim/sim_1/behav/xsim'
"xelab --incr --debug typical --relax --mt 2 -L xil_defaultlib -L unisims_ver -L unimacro_ver -L secureip --snapshot tb_LeNet_behav xil_defaultlib.tb_LeNet xil_defaultlib.glbl -log elaborate.log"
Vivado Simulator v2025.1.0
Copyright 1986-2022 Xilinx, Inc. All Rights Reserved.
Copyright 2022-2025 Advanced Micro Devices, Inc. All Rights Reserved.
Running: C:/Xilinx/2025.1/Vivado/bin/unwrapped/win64.o/xelab.exe --incr --debug typical --relax --mt 2 -L xil_defaultlib -L unisims_ver -L unimacro_ver -L secureip --snapshot tb_LeNet_behav xil_defaultlib.tb_LeNet xil_defaultlib.glbl -log elaborate.log 
Using 2 slave threads.
Starting static elaboration
Pass Through NonSizing Optimizer
Completed static elaboration
Starting simulation data flow analysis
Completed simulation data flow analysis
Time Resolution for simulation is 1ps
Compiling module xil_defaultlib.Multiplication
Compiling module xil_defaultlib.PE
Compiling module xil_defaultlib.PE_Array
Compiling module xil_defaultlib.PE_Matrix6F
Compiling module xil_defaultlib.Conv3D
Compiling module xil_defaultlib.max2
Compiling module xil_defaultlib.softmax
Compiling module xil_defaultlib.MACC
Compiling module xil_defaultlib.FC
Compiling module xil_defaultlib.LeNet_default
Compiling module xil_defaultlib.tb_LeNet
Compiling module xil_defaultlib.glbl
Built simulation snapshot tb_LeNet_behav
run_program: Time (s): cpu = 00:00:01 ; elapsed = 00:00:13 . Memory (MB): peak = 1767.434 ; gain = 0.000
INFO: [USF-XSim-69] 'elaborate' step finished in '13' seconds
INFO: [USF-XSim-4] XSim::Simulate design
INFO: [USF-XSim-61] Executing 'SIMULATE' step in 'D:/SATHISH/project_dcnn - Copy 1/project_dcnn.sim/sim_1/behav/xsim'
INFO: [USF-XSim-98] *** Running xsim
   with args "tb_LeNet_behav -key {Behavioral:sim_1:Functional:tb_LeNet} -tclbatch {tb_LeNet.tcl} -log {simulate.log}"
INFO: [USF-XSim-8] Loading simulator feature
Time resolution is 1 ps
source tb_LeNet.tcl
# set curr_wave [current_wave_config]
# if { [string length $curr_wave] == 0 } {
#   if { [llength [get_objects]] > 0} {
#     add_wave /
#     set_property needs_save false [current_wave_config]
#   } else {
#      send_msg_id Add_Wave-1 WARNING "No top level signals found. Simulator will start without a wave window. If you want to open a wave window go to 'File->New Waveform Configuration' or type 'create_wave_config' in the TCL console."
#   }
# }
# run 1000us
$finish called at time : 88 us : File "D:/SATHISH/project_dcnn - Copy 1/project_dcnn.srcs/sources_1/imports/Verilog-Source-Files/tb_LeNet.v" Line 12
xsim: Time (s): cpu = 00:00:06 ; elapsed = 00:00:05 . Memory (MB): peak = 1771.172 ; gain = 3.738
INFO: [USF-XSim-96] XSim completed. Design snapshot 'tb_LeNet_behav' loaded.
INFO: [USF-XSim-97] XSim simulation ran for 1000us
launch_simulation: Time (s): cpu = 00:00:09 ; elapsed = 00:00:22 . Memory (MB): peak = 1771.172 ; gain = 3.738
WARNING: [filemgmt 56-199] Attempt to get parsing info during refresh. "On-the-fly" syntax checking information may be incorrect. [D:\SATHISH\project_dcnn - Copy 1\project_dcnn.srcs\sources_1\imports\Verilog-Source-Files\tb_LeNet.v:]
WARNING: [filemgmt 56-199] Attempt to get parsing info during refresh. "On-the-fly" syntax checking information may be incorrect. [D:\SATHISH\project_dcnn - Copy 1\project_dcnn.srcs\sources_1\imports\Verilog-Source-Files\LeNet.v:]
WARNING: [filemgmt 56-199] Attempt to get parsing info during refresh. "On-the-fly" syntax checking information may be incorrect. [D:\SATHISH\project_dcnn - Copy 1\project_dcnn.srcs\sources_1\imports\Verilog-Source-Files\LeNet.v:]
WARNING: [filemgmt 56-199] Attempt to get parsing info during refresh. "On-the-fly" syntax checking information may be incorrect. [D:\SATHISH\project_dcnn - Copy 1\project_dcnn.srcs\sources_1\imports\Verilog-Source-Files\LeNet.v:]
ERROR: [Common 17-180] Spawn failed: The operation completed successfully.

close_sim
INFO: [Simtcl 6-16] Simulation closed
launch_simulation
Command: launch_simulation 
INFO: [Vivado 12-12493] Simulation top is 'tb_LeNet'
INFO: [Vivado 12-5682] Launching behavioral simulation in 'D:/SATHISH/project_dcnn - Copy 1/project_dcnn.sim/sim_1/behav/xsim'
INFO: [SIM-utils-51] Simulation object is 'sim_1'
INFO: [SIM-utils-72] Using boost library from 'C:/Xilinx/2025.1/Vivado/tps/boost_1_72_0'
INFO: [SIM-utils-54] Inspecting design source files for 'tb_LeNet' in fileset 'sim_1'...
INFO: [SIM-utils-43] Exported 'D:/SATHISH/project_dcnn - Copy 1/project_dcnn.sim/sim_1/behav/xsim/I3.mem'
INFO: [SIM-utils-43] Exported 'D:/SATHISH/project_dcnn - Copy 1/project_dcnn.sim/sim_1/behav/xsim/I2.mem'
INFO: [SIM-utils-43] Exported 'D:/SATHISH/project_dcnn - Copy 1/project_dcnn.sim/sim_1/behav/xsim/I8.mem'
INFO: [SIM-utils-43] Exported 'D:/SATHISH/project_dcnn - Copy 1/project_dcnn.sim/sim_1/behav/xsim/I9.mem'
INFO: [SIM-utils-43] Exported 'D:/SATHISH/project_dcnn - Copy 1/project_dcnn.sim/sim_1/behav/xsim/I7.mem'
INFO: [SIM-utils-43] Exported 'D:/SATHISH/project_dcnn - Copy 1/project_dcnn.sim/sim_1/behav/xsim/I6.mem'
INFO: [SIM-utils-43] Exported 'D:/SATHISH/project_dcnn - Copy 1/project_dcnn.sim/sim_1/behav/xsim/I4.mem'
INFO: [SIM-utils-43] Exported 'D:/SATHISH/project_dcnn - Copy 1/project_dcnn.sim/sim_1/behav/xsim/I5.mem'
INFO: [SIM-utils-43] Exported 'D:/SATHISH/project_dcnn - Copy 1/project_dcnn.sim/sim_1/behav/xsim/I0.mem'
INFO: [SIM-utils-43] Exported 'D:/SATHISH/project_dcnn - Copy 1/project_dcnn.sim/sim_1/behav/xsim/W.mem'
INFO: [SIM-utils-43] Exported 'D:/SATHISH/project_dcnn - Copy 1/project_dcnn.sim/sim_1/behav/xsim/I1.mem'
INFO: [SIM-utils-43] Exported 'D:/SATHISH/project_dcnn - Copy 1/project_dcnn.sim/sim_1/behav/xsim/I3.mem'
INFO: [SIM-utils-43] Exported 'D:/SATHISH/project_dcnn - Copy 1/project_dcnn.sim/sim_1/behav/xsim/I2.mem'
INFO: [SIM-utils-43] Exported 'D:/SATHISH/project_dcnn - Copy 1/project_dcnn.sim/sim_1/behav/xsim/I8.mem'
INFO: [SIM-utils-43] Exported 'D:/SATHISH/project_dcnn - Copy 1/project_dcnn.sim/sim_1/behav/xsim/I9.mem'
INFO: [SIM-utils-43] Exported 'D:/SATHISH/project_dcnn - Copy 1/project_dcnn.sim/sim_1/behav/xsim/I7.mem'
INFO: [SIM-utils-43] Exported 'D:/SATHISH/project_dcnn - Copy 1/project_dcnn.sim/sim_1/behav/xsim/I6.mem'
INFO: [SIM-utils-43] Exported 'D:/SATHISH/project_dcnn - Copy 1/project_dcnn.sim/sim_1/behav/xsim/I4.mem'
INFO: [SIM-utils-43] Exported 'D:/SATHISH/project_dcnn - Copy 1/project_dcnn.sim/sim_1/behav/xsim/I5.mem'
INFO: [SIM-utils-43] Exported 'D:/SATHISH/project_dcnn - Copy 1/project_dcnn.sim/sim_1/behav/xsim/I0.mem'
INFO: [SIM-utils-43] Exported 'D:/SATHISH/project_dcnn - Copy 1/project_dcnn.sim/sim_1/behav/xsim/W.mem'
INFO: [SIM-utils-43] Exported 'D:/SATHISH/project_dcnn - Copy 1/project_dcnn.sim/sim_1/behav/xsim/I1.mem'
INFO: [USF-XSim-97] Finding global include files...
INFO: [USF-XSim-98] Fetching design files from 'sim_1'...
INFO: [USF-XSim-2] XSim::Compile design
INFO: [USF-XSim-61] Executing 'COMPILE and ANALYZE' step in 'D:/SATHISH/project_dcnn - Copy 1/project_dcnn.sim/sim_1/behav/xsim'
"xvlog --incr --relax -prj tb_LeNet_vlog.prj"
INFO: [VRFC 10-2263] Analyzing Verilog file "D:/SATHISH/project_dcnn - Copy 1/project_dcnn.srcs/sources_1/imports/Verilog-Source-Files/Conv3D.v" into library xil_defaultlib
INFO: [VRFC 10-311] analyzing module Conv3D
INFO: [VRFC 10-311] analyzing module PE_Matrix6F
INFO: [VRFC 10-2263] Analyzing Verilog file "D:/SATHISH/project_dcnn - Copy 1/project_dcnn.srcs/sources_1/imports/Verilog-Source-Files/FC.v" into library xil_defaultlib
INFO: [VRFC 10-311] analyzing module FC
INFO: [VRFC 10-2263] Analyzing Verilog file "D:/SATHISH/project_dcnn - Copy 1/project_dcnn.srcs/sources_1/imports/Verilog-Source-Files/LeNet.v" into library xil_defaultlib
INFO: [VRFC 10-311] analyzing module LeNet
INFO: [VRFC 10-2263] Analyzing Verilog file "D:/SATHISH/project_dcnn - Copy 1/project_dcnn.srcs/sources_1/imports/Verilog-Source-Files/MACC.v" into library xil_defaultlib
INFO: [VRFC 10-311] analyzing module MACC
INFO: [VRFC 10-2263] Analyzing Verilog file "D:/SATHISH/project_dcnn - Copy 1/project_dcnn.srcs/sources_1/imports/Verilog-Source-Files/Multiplication.v" into library xil_defaultlib
INFO: [VRFC 10-311] analyzing module Multiplication
INFO: [VRFC 10-2263] Analyzing Verilog file "D:/SATHISH/project_dcnn - Copy 1/project_dcnn.srcs/sources_1/imports/Verilog-Source-Files/PE.v" into library xil_defaultlib
INFO: [VRFC 10-311] analyzing module PE
INFO: [VRFC 10-2263] Analyzing Verilog file "D:/SATHISH/project_dcnn - Copy 1/project_dcnn.srcs/sources_1/imports/Verilog-Source-Files/PE_Array.v" into library xil_defaultlib
INFO: [VRFC 10-311] analyzing module PE_Array
INFO: [VRFC 10-2263] Analyzing Verilog file "D:/SATHISH/project_dcnn - Copy 1/project_dcnn.srcs/sources_1/imports/Verilog-Source-Files/max2.v" into library xil_defaultlib
INFO: [VRFC 10-311] analyzing module max2
INFO: [VRFC 10-2263] Analyzing Verilog file "D:/SATHISH/project_dcnn - Copy 1/project_dcnn.srcs/sources_1/imports/Verilog-Source-Files/softmax.v" into library xil_defaultlib
INFO: [VRFC 10-311] analyzing module softmax
INFO: [VRFC 10-2263] Analyzing Verilog file "D:/SATHISH/project_dcnn - Copy 1/project_dcnn.srcs/sources_1/imports/Verilog-Source-Files/tb_LeNet.v" into library xil_defaultlib
INFO: [VRFC 10-311] analyzing module tb_LeNet
INFO: [USF-XSim-69] 'compile' step finished in '5' seconds
INFO: [USF-XSim-3] XSim::Elaborate design
INFO: [USF-XSim-61] Executing 'ELABORATE' step in 'D:/SATHISH/project_dcnn - Copy 1/project_dcnn.sim/sim_1/behav/xsim'
"xelab --incr --debug typical --relax --mt 2 -L xil_defaultlib -L unisims_ver -L unimacro_ver -L secureip --snapshot tb_LeNet_behav xil_defaultlib.tb_LeNet xil_defaultlib.glbl -log elaborate.log"
Vivado Simulator v2025.1.0
Copyright 1986-2022 Xilinx, Inc. All Rights Reserved.
Copyright 2022-2025 Advanced Micro Devices, Inc. All Rights Reserved.
Running: C:/Xilinx/2025.1/Vivado/bin/unwrapped/win64.o/xelab.exe --incr --debug typical --relax --mt 2 -L xil_defaultlib -L unisims_ver -L unimacro_ver -L secureip --snapshot tb_LeNet_behav xil_defaultlib.tb_LeNet xil_defaultlib.glbl -log elaborate.log 
Using 2 slave threads.
Starting static elaboration
Pass Through NonSizing Optimizer
Completed static elaboration
Starting simulation data flow analysis
Completed simulation data flow analysis
Time Resolution for simulation is 1ps
Compiling module xil_defaultlib.Multiplication
Compiling module xil_defaultlib.PE
Compiling module xil_defaultlib.PE_Array
Compiling module xil_defaultlib.PE_Matrix6F
Compiling module xil_defaultlib.Conv3D
Compiling module xil_defaultlib.max2
Compiling module xil_defaultlib.softmax
Compiling module xil_defaultlib.MACC
Compiling module xil_defaultlib.FC
Compiling module xil_defaultlib.LeNet_default
Compiling module xil_defaultlib.tb_LeNet
Compiling module xil_defaultlib.glbl
Built simulation snapshot tb_LeNet_behav
run_program: Time (s): cpu = 00:00:00 ; elapsed = 00:00:07 . Memory (MB): peak = 1772.211 ; gain = 0.000
INFO: [USF-XSim-69] 'elaborate' step finished in '7' seconds
INFO: [USF-XSim-4] XSim::Simulate design
INFO: [USF-XSim-61] Executing 'SIMULATE' step in 'D:/SATHISH/project_dcnn - Copy 1/project_dcnn.sim/sim_1/behav/xsim'
INFO: [USF-XSim-98] *** Running xsim
   with args "tb_LeNet_behav -key {Behavioral:sim_1:Functional:tb_LeNet} -tclbatch {tb_LeNet.tcl} -log {simulate.log}"
INFO: [USF-XSim-8] Loading simulator feature
Time resolution is 1 ps
source tb_LeNet.tcl
# set curr_wave [current_wave_config]
# if { [string length $curr_wave] == 0 } {
#   if { [llength [get_objects]] > 0} {
#     add_wave /
#     set_property needs_save false [current_wave_config]
#   } else {
#      send_msg_id Add_Wave-1 WARNING "No top level signals found. Simulator will start without a wave window. If you want to open a wave window go to 'File->New Waveform Configuration' or type 'create_wave_config' in the TCL console."
#   }
# }
# run 1000us
$finish called at time : 88 us : File "D:/SATHISH/project_dcnn - Copy 1/project_dcnn.srcs/sources_1/imports/Verilog-Source-Files/tb_LeNet.v" Line 12
INFO: [USF-XSim-96] XSim completed. Design snapshot 'tb_LeNet_behav' loaded.
INFO: [USF-XSim-97] XSim simulation ran for 1000us
launch_simulation: Time (s): cpu = 00:00:06 ; elapsed = 00:00:17 . Memory (MB): peak = 1772.211 ; gain = 0.000
synth_design -rtl -rtl_skip_mlo -name rtl_1
Command: synth_design -rtl -rtl_skip_mlo -name rtl_1
Starting synth_design
Using part: xc7a200tfbv676-2
Top: LeNet
INFO: [Device 21-403] Loading part xc7a200tfbv676-2
INFO: [Synth 8-7079] Multithreading enabled for synth_design using a maximum of 2 processes.
INFO: [Synth 8-7078] Launching helper process for spawning children vivado processes
INFO: [Synth 8-7075] Helper process launched with PID 26688
---------------------------------------------------------------------------------
Starting RTL Elaboration : Time (s): cpu = 00:00:13 ; elapsed = 00:00:15 . Memory (MB): peak = 2472.582 ; gain = 486.527
---------------------------------------------------------------------------------
INFO: [Synth 8-6157] synthesizing module 'LeNet' [D:/SATHISH/project_dcnn - Copy 1/project_dcnn.srcs/sources_1/imports/Verilog-Source-Files/LeNet.v:2]
CRITICAL WARNING: [Synth 8-4445] could not open $readmem data file 'W.mem'; please make sure the file is added to project and has read permission, ignoring [D:/SATHISH/project_dcnn - Copy 1/project_dcnn.srcs/sources_1/imports/Verilog-Source-Files/LeNet.v:55]
CRITICAL WARNING: [Synth 8-4445] could not open $readmem data file 'I1.mem'; please make sure the file is added to project and has read permission, ignoring [D:/SATHISH/project_dcnn - Copy 1/project_dcnn.srcs/sources_1/imports/Verilog-Source-Files/LeNet.v:56]
INFO: [Synth 8-6157] synthesizing module 'Conv3D' [D:/SATHISH/project_dcnn - Copy 1/project_dcnn.srcs/sources_1/imports/Verilog-Source-Files/Conv3D.v:3]
	Parameter M bound to: 32 - type: integer 
	Parameter N bound to: 0 - type: integer 
	Parameter Ma bound to: 16 - type: integer 
	Parameter S_f bound to: 5 - type: integer 
	Parameter N_f bound to: 6 - type: integer 
INFO: [Synth 8-6157] synthesizing module 'PE_Matrix6F' [D:/SATHISH/project_dcnn - Copy 1/project_dcnn.srcs/sources_1/imports/Verilog-Source-Files/Conv3D.v:136]
	Parameter M bound to: 32 - type: integer 
	Parameter N bound to: 0 - type: integer 
INFO: [Synth 8-6157] synthesizing module 'PE_Array' [D:/SATHISH/project_dcnn - Copy 1/project_dcnn.srcs/sources_1/imports/Verilog-Source-Files/PE_Array.v:3]
	Parameter M bound to: 32 - type: integer 
	Parameter N bound to: 0 - type: integer 
INFO: [Synth 8-6157] synthesizing module 'PE' [D:/SATHISH/project_dcnn - Copy 1/project_dcnn.srcs/sources_1/imports/Verilog-Source-Files/PE.v:3]
	Parameter M bound to: 32 - type: integer 
	Parameter N bound to: 0 - type: integer 
INFO: [Synth 8-6157] synthesizing module 'Multiplication' [D:/SATHISH/project_dcnn - Copy 1/project_dcnn.srcs/sources_1/imports/Verilog-Source-Files/Multiplication.v:3]
	Parameter M bound to: 32 - type: integer 
	Parameter N bound to: 0 - type: integer 
INFO: [Synth 8-6155] done synthesizing module 'Multiplication' (0#1) [D:/SATHISH/project_dcnn - Copy 1/project_dcnn.srcs/sources_1/imports/Verilog-Source-Files/Multiplication.v:3]
INFO: [Synth 8-6155] done synthesizing module 'PE' (0#1) [D:/SATHISH/project_dcnn - Copy 1/project_dcnn.srcs/sources_1/imports/Verilog-Source-Files/PE.v:3]
INFO: [Synth 8-6155] done synthesizing module 'PE_Array' (0#1) [D:/SATHISH/project_dcnn - Copy 1/project_dcnn.srcs/sources_1/imports/Verilog-Source-Files/PE_Array.v:3]
WARNING: [Synth 8-7071] port 'IoO' of module 'PE_Array' is unconnected for instance 'A6' [D:/SATHISH/project_dcnn - Copy 1/project_dcnn.srcs/sources_1/imports/Verilog-Source-Files/Conv3D.v:183]
WARNING: [Synth 8-7071] port 'Io1' of module 'PE_Array' is unconnected for instance 'A6' [D:/SATHISH/project_dcnn - Copy 1/project_dcnn.srcs/sources_1/imports/Verilog-Source-Files/Conv3D.v:183]
WARNING: [Synth 8-7071] port 'Io2' of module 'PE_Array' is unconnected for instance 'A6' [D:/SATHISH/project_dcnn - Copy 1/project_dcnn.srcs/sources_1/imports/Verilog-Source-Files/Conv3D.v:183]
WARNING: [Synth 8-7071] port 'Io3' of module 'PE_Array' is unconnected for instance 'A6' [D:/SATHISH/project_dcnn - Copy 1/project_dcnn.srcs/sources_1/imports/Verilog-Source-Files/Conv3D.v:183]
WARNING: [Synth 8-7071] port 'Io4' of module 'PE_Array' is unconnected for instance 'A6' [D:/SATHISH/project_dcnn - Copy 1/project_dcnn.srcs/sources_1/imports/Verilog-Source-Files/Conv3D.v:183]
WARNING: [Synth 8-7023] instance 'A6' of module 'PE_Array' has 19 connections declared, but only 14 given [D:/SATHISH/project_dcnn - Copy 1/project_dcnn.srcs/sources_1/imports/Verilog-Source-Files/Conv3D.v:183]
INFO: [Synth 8-6155] done synthesizing module 'PE_Matrix6F' (0#1) [D:/SATHISH/project_dcnn - Copy 1/project_dcnn.srcs/sources_1/imports/Verilog-Source-Files/Conv3D.v:136]
INFO: [Synth 8-6155] done synthesizing module 'Conv3D' (0#1) [D:/SATHISH/project_dcnn - Copy 1/project_dcnn.srcs/sources_1/imports/Verilog-Source-Files/Conv3D.v:3]
INFO: [Synth 8-6157] synthesizing module 'FC' [D:/SATHISH/project_dcnn - Copy 1/project_dcnn.srcs/sources_1/imports/Verilog-Source-Files/FC.v:3]
	Parameter M bound to: 32 - type: integer 
	Parameter N bound to: 0 - type: integer 
	Parameter Ma bound to: 16 - type: integer 
	Parameter N_f bound to: 12 - type: integer 
	Parameter C bound to: 10 - type: integer 
	Parameter S_P_o bound to: 4 - type: integer 
INFO: [Synth 8-6157] synthesizing module 'softmax' [D:/SATHISH/project_dcnn - Copy 1/project_dcnn.srcs/sources_1/imports/Verilog-Source-Files/softmax.v:2]
INFO: [Synth 8-6157] synthesizing module 'max2' [D:/SATHISH/project_dcnn - Copy 1/project_dcnn.srcs/sources_1/imports/Verilog-Source-Files/max2.v:3]
	Parameter M bound to: 32 - type: integer 
INFO: [Synth 8-6155] done synthesizing module 'max2' (0#1) [D:/SATHISH/project_dcnn - Copy 1/project_dcnn.srcs/sources_1/imports/Verilog-Source-Files/max2.v:3]
INFO: [Synth 8-6155] done synthesizing module 'softmax' (0#1) [D:/SATHISH/project_dcnn - Copy 1/project_dcnn.srcs/sources_1/imports/Verilog-Source-Files/softmax.v:2]
INFO: [Synth 8-6157] synthesizing module 'MACC' [D:/SATHISH/project_dcnn - Copy 1/project_dcnn.srcs/sources_1/imports/Verilog-Source-Files/MACC.v:3]
	Parameter M bound to: 32 - type: integer 
	Parameter N bound to: 0 - type: integer 
INFO: [Synth 8-6155] done synthesizing module 'MACC' (0#1) [D:/SATHISH/project_dcnn - Copy 1/project_dcnn.srcs/sources_1/imports/Verilog-Source-Files/MACC.v:3]
INFO: [Synth 8-6155] done synthesizing module 'FC' (0#1) [D:/SATHISH/project_dcnn - Copy 1/project_dcnn.srcs/sources_1/imports/Verilog-Source-Files/FC.v:3]
INFO: [Synth 8-6155] done synthesizing module 'LeNet' (0#1) [D:/SATHISH/project_dcnn - Copy 1/project_dcnn.srcs/sources_1/imports/Verilog-Source-Files/LeNet.v:2]
WARNING: [Synth 8-7137] Register A_reg in module Conv3D has both Set and reset with same priority. This may cause simulation mismatches. Consider rewriting code  [D:/SATHISH/project_dcnn - Copy 1/project_dcnn.srcs/sources_1/imports/Verilog-Source-Files/Conv3D.v:46]
WARNING: [Synth 8-11357] Potential Runtime issue for 3D-RAM or RAM from Record/Structs for RAM  P1_reg with 27648 registers
WARNING: [Synth 8-6014] Unused sequential element Wi_reg was removed.  [D:/SATHISH/project_dcnn - Copy 1/project_dcnn.srcs/sources_1/imports/Verilog-Source-Files/LeNet.v:86]
WARNING: [Synth 8-3848] Net W in module/entity LeNet does not have driver. [D:/SATHISH/project_dcnn - Copy 1/project_dcnn.srcs/sources_1/imports/Verilog-Source-Files/LeNet.v:45]
WARNING: [Synth 8-3848] Net I in module/entity LeNet does not have driver. [D:/SATHISH/project_dcnn - Copy 1/project_dcnn.srcs/sources_1/imports/Verilog-Source-Files/LeNet.v:45]
---------------------------------------------------------------------------------
Finished RTL Elaboration : Time (s): cpu = 00:00:26 ; elapsed = 00:00:29 . Memory (MB): peak = 2742.469 ; gain = 756.414
---------------------------------------------------------------------------------
---------------------------------------------------------------------------------
Start Handling Custom Attributes
---------------------------------------------------------------------------------
---------------------------------------------------------------------------------
Finished Handling Custom Attributes : Time (s): cpu = 00:00:27 ; elapsed = 00:00:30 . Memory (MB): peak = 2742.469 ; gain = 756.414
---------------------------------------------------------------------------------
---------------------------------------------------------------------------------
Finished RTL Optimization Phase 1 : Time (s): cpu = 00:00:27 ; elapsed = 00:00:30 . Memory (MB): peak = 2742.469 ; gain = 756.414
---------------------------------------------------------------------------------
Netlist sorting complete. Time (s): cpu = 00:00:01 ; elapsed = 00:00:02 . Memory (MB): peak = 2742.469 ; gain = 0.000
INFO: [Project 1-570] Preparing netlist for logic optimization

Processing XDC Constraints
Initializing timing engine
Parsing XDC File [D:/SATHISH/project_dcnn - Copy 1/project_dcnn.srcs/constrs_1/new/constraint.xdc]
WARNING: [Constraints 18-6211] Setting input delay on a clock pin 'clk' relative to clock 'sys_clk' defined on the same pin is not supported, ignoring it [D:/SATHISH/project_dcnn - Copy 1/project_dcnn.srcs/constrs_1/new/constraint.xdc:18]
CRITICAL WARNING: [Designutils 20-1307] Command 'all_ports' is not supported in the xdc constraint file. [D:/SATHISH/project_dcnn - Copy 1/project_dcnn.srcs/constrs_1/new/constraint.xdc:25]
CRITICAL WARNING: [Designutils 20-1307] Command 'all_nets' is not supported in the xdc constraint file. [D:/SATHISH/project_dcnn - Copy 1/project_dcnn.srcs/constrs_1/new/constraint.xdc:31]
Finished Parsing XDC File [D:/SATHISH/project_dcnn - Copy 1/project_dcnn.srcs/constrs_1/new/constraint.xdc]
INFO: [Project 1-236] Implementation specific constraints were found while reading constraint file [D:/SATHISH/project_dcnn - Copy 1/project_dcnn.srcs/constrs_1/new/constraint.xdc]. These constraints will be ignored for synthesis but will be used in implementation. Impacted constraints are listed in the file [.Xil/LeNet_propImpl.xdc].
Resolution: To avoid this warning, move constraints listed in [.Xil/LeNet_propImpl.xdc] to another XDC file and exclude this new file from synthesis with the used_in_synthesis property (File Properties dialog in GUI) and re-run elaboration/synthesis.
Completed Processing XDC Constraints

Netlist sorting complete. Time (s): cpu = 00:00:00 ; elapsed = 00:00:00.066 . Memory (MB): peak = 2811.898 ; gain = 0.000
INFO: [Project 1-111] Unisim Transformation Summary:
No Unisim elements were transformed.

RTL Elaboration Complete:  : Time (s): cpu = 00:01:29 ; elapsed = 00:01:18 . Memory (MB): peak = 3341.551 ; gain = 1355.496
27 Infos, 12 Warnings, 4 Critical Warnings and 0 Errors encountered.
synth_design completed successfully
synth_design: Time (s): cpu = 00:01:34 ; elapsed = 00:01:26 . Memory (MB): peak = 3341.551 ; gain = 1569.340
reset_run synth_1
INFO: [Project 1-1161] Replacing file D:/SATHISH/project_dcnn - Copy 1/project_dcnn.srcs/utils_1/imports/synth_1/tb_LeNet.dcp with file D:/SATHISH/project_dcnn - Copy 1/project_dcnn.runs/synth_1/LeNet.dcp
WARNING: [Vivado 12-1017] Problems encountered:
1. Failed to delete one or more files in run directory D:/SATHISH/project_dcnn - Copy 1/project_dcnn.runs/synth_1

WARNING: [filemgmt 56-199] Attempt to get parsing info during refresh. "On-the-fly" syntax checking information may be incorrect. [D:\SATHISH\project_dcnn - Copy 1\project_dcnn.srcs\sources_1\imports\Verilog-Source-Files\tb_LeNet.v:]
WARNING: [filemgmt 56-199] Attempt to get parsing info during refresh. "On-the-fly" syntax checking information may be incorrect. [D:\SATHISH\project_dcnn - Copy 1\project_dcnn.srcs\sources_1\imports\Verilog-Source-Files\LeNet.v:]
WARNING: [filemgmt 56-199] Attempt to get parsing info during refresh. "On-the-fly" syntax checking information may be incorrect. [D:\SATHISH\project_dcnn - Copy 1\project_dcnn.srcs\sources_1\imports\Verilog-Source-Files\LeNet.v:]
WARNING: [filemgmt 56-199] Attempt to get parsing info during refresh. "On-the-fly" syntax checking information may be incorrect. [D:\SATHISH\project_dcnn - Copy 1\project_dcnn.srcs\sources_1\imports\Verilog-Source-Files\LeNet.v:]
ERROR: [Common 17-180] Spawn failed: The operation completed successfully.

launch_runs synth_1 -jobs 6
[Sat Mar 14 12:14:03 2026] Launched synth_1...
Run output will be captured here: D:/SATHISH/project_dcnn - Copy 1/project_dcnn.runs/synth_1/runme.log
launch_runs impl_1 -jobs 6
[Sat Mar 14 12:20:44 2026] Launched impl_1...
Run output will be captured here: D:/SATHISH/project_dcnn - Copy 1/project_dcnn.runs/impl_1/runme.log
reset_run impl_1
launch_runs impl_1 -jobs 6
[Sat Mar 14 13:08:18 2026] Launched impl_1...
Run output will be captured here: D:/SATHISH/project_dcnn - Copy 1/project_dcnn.runs/impl_1/runme.log
reset_run impl_1
close_sim
INFO: [Simtcl 6-16] Simulation closed
exit
INFO: [Common 17-206] Exiting Vivado at Sat Mar 14 15:05:35 2026...
