********************************************************************************
* Unified simulation Tcl App stack trace dump
*
* File: .usf.tcl_error.log (Tue Mar 24 15:15:38 2026)
*
* This file is generated by the unified simulation automation and contains the
* tcl stack trace of error returned by the simulator App for the current run.
*
********************************************************************************

    while executing
"write_verilog -mode funcsim -nolib -force -file "D:/SATHISH/project_dcnn - Copy 1/project_dcnn.sim/sim_1/synth/func/xsim/tb_LeNet_func_synth.v""
    ("eval" body line 1)
    invoked from within
"eval "write_verilog $wv_args""
    (procedure "xcs_write_design_netlist" line 92)
    invoked from within
"xcs_write_design_netlist $a_sim_vars(s_simset)           $a_sim_vars(s_simulation_flow)  $a_sim_vars(s_type)             $a_sim_vars(s_sim_top)       ..."
    (procedure "usf_xsim_setup_simulation" line 61)
    invoked from within
"usf_xsim_setup_simulation"
    (procedure "tclapp::xilinx::xsim::setup" line 29)
    invoked from within
"tclapp::xilinx::xsim::setup { -simset sim_1 -mode post-synthesis -type functional -run_dir {D:/SATHISH/project_dcnn - Copy 1/project_dcnn.sim/sim_1/sy..."
